################################################################################
#                                                                              #
#      IAR Universal Linker V4.60E/386                                         #
#                                                                              #
#           Link time     =  21/Mar/2007  16:42:46                             #
#           Target CPU    =  ARM                                               #
#           List file     =  "E:\LMS NXT\AT91SAM7S256\SAM7S256\Tools\Benchmark #
#                            \List\LMS_ARM.map"                                #
#           Output file 1 =  "E:\LMS NXT\AT91SAM7S256\SAM7S256\Tools\Benchmark #
#                            \Exe\LMS_ARM.d79"                                 #
#                            Format: debug                                     #
#                            UBROF version 10.0.2                              #
#                            Using library modules for C-SPY (-rt)             #
#           Output file 2 =  "E:\LMS NXT\AT91SAM7S256\SAM7S256\Tools\Benchmark #
#                            \Exe\LMS_ARM_BENCH.a79"                           #
#                            Format: raw-binary                                #
#           Command line  =  "E:\LMS NXT\AT91SAM7S256\SAM7S256\Tools\Benchmark #
#                            \Obj\Cstartup.r79"                                #
#                            "E:\LMS NXT\AT91SAM7S256\SAM7S256\Tools\Benchmark #
#                            \Obj\Cstartup_SAM7.r79"                           #
#                            "E:\LMS NXT\AT91SAM7S256\SAM7S256\Tools\Benchmark #
#                            \Obj\c_button.r79"                                #
#                            "E:\LMS NXT\AT91SAM7S256\SAM7S256\Tools\Benchmark #
#                            \Obj\c_cmd.r79"                                   #
#                            "E:\LMS NXT\AT91SAM7S256\SAM7S256\Tools\Benchmark #
#                            \Obj\c_comm.r79"                                  #
#                            "E:\LMS NXT\AT91SAM7S256\SAM7S256\Tools\Benchmark #
#                            \Obj\c_display.r79"                               #
#                            "E:\LMS NXT\AT91SAM7S256\SAM7S256\Tools\Benchmark #
#                            \Obj\c_input.r79"                                 #
#                            "E:\LMS NXT\AT91SAM7S256\SAM7S256\Tools\Benchmark #
#                            \Obj\c_ioctrl.r79"                                #
#                            "E:\LMS NXT\AT91SAM7S256\SAM7S256\Tools\Benchmark #
#                            \Obj\c_loader.r79"                                #
#                            "E:\LMS NXT\AT91SAM7S256\SAM7S256\Tools\Benchmark #
#                            \Obj\c_lowspeed.r79"                              #
#                            "E:\LMS NXT\AT91SAM7S256\SAM7S256\Tools\Benchmark #
#                            \Obj\c_output.r79"                                #
#                            "E:\LMS NXT\AT91SAM7S256\SAM7S256\Tools\Benchmark #
#                            \Obj\c_sound.r79"                                 #
#                            "E:\LMS NXT\AT91SAM7S256\SAM7S256\Tools\Benchmark #
#                            \Obj\c_ui.r79"                                    #
#                            "E:\LMS NXT\AT91SAM7S256\SAM7S256\Tools\Benchmark #
#                            \Obj\d_bt.r79"                                    #
#                            "E:\LMS NXT\AT91SAM7S256\SAM7S256\Tools\Benchmark #
#                            \Obj\d_button.r79"                                #
#                            "E:\LMS NXT\AT91SAM7S256\SAM7S256\Tools\Benchmark #
#                            \Obj\d_display.r79"                               #
#                            "E:\LMS NXT\AT91SAM7S256\SAM7S256\Tools\Benchmark #
#                            \Obj\d_hispeed.r79"                               #
#                            "E:\LMS NXT\AT91SAM7S256\SAM7S256\Tools\Benchmark #
#                            \Obj\d_input.r79"                                 #
#                            "E:\LMS NXT\AT91SAM7S256\SAM7S256\Tools\Benchmark #
#                            \Obj\d_ioctrl.r79"                                #
#                            "E:\LMS NXT\AT91SAM7S256\SAM7S256\Tools\Benchmark #
#                            \Obj\d_loader.r79"                                #
#                            "E:\LMS NXT\AT91SAM7S256\SAM7S256\Tools\Benchmark #
#                            \Obj\d_lowspeed.r79"                              #
#                            "E:\LMS NXT\AT91SAM7S256\SAM7S256\Tools\Benchmark #
#                            \Obj\d_output.r79"                                #
#                            "E:\LMS NXT\AT91SAM7S256\SAM7S256\Tools\Benchmark #
#                            \Obj\d_sound.r79"                                 #
#                            "E:\LMS NXT\AT91SAM7S256\SAM7S256\Tools\Benchmark #
#                            \Obj\d_timer.r79"                                 #
#                            "E:\LMS NXT\AT91SAM7S256\SAM7S256\Tools\Benchmark #
#                            \Obj\d_usb.r79"                                   #
#                            "E:\LMS NXT\AT91SAM7S256\SAM7S256\Tools\Benchmark #
#                            \Obj\m_sched.r79"                                 #
#                            -o                                                #
#                            "E:\LMS NXT\AT91SAM7S256\SAM7S256\Tools\Benchmark #
#                            \Exe\LMS_ARM.d79"                                 #
#                            -l                                                #
#                            "E:\LMS NXT\AT91SAM7S256\SAM7S256\Tools\Benchmark #
#                            \List\LMS_ARM.map"                                #
#                            -xms -f                                           #
#                            "E:\LMS NXT\AT91SAM7S256\SAM7S256\Tools\at91SAM7S #
#                            256_Remap.xcl"                                    #
#                            (-carm -Z(CONST)INTRAMSTART=00200000              #
#                            -Z(CONST)INTRAMEND_BEFORE_REMAP=00210000          #
#                            -Z(CONST)INTRAMEND_REMAP=00010000                 #
#                            -DROMSTART=00100000 -DROMEND=0013FFFF             #
#                            -DRAMSTART=00000100 -DRAMEND=0000FFFF             #
#                            -Z(CODE)INTVEC=00-3F                              #
#                            -Z(CODE)ICODE,DIFUNCT=ROMSTART-ROMEND             #
#                            -Z(CODE)SWITAB=ROMSTART-ROMEND                    #
#                            -Z(CODE)CODE=ROMSTART-ROMEND                      #
#                            -Z(CONST)INITTAB,DATA_ID,DATA_C=ROMSTART-ROMEND   #
#                            -Z(CONST)CHECKSUM=ROMSTART-ROMEND                 #
#                            -Z(DATA)DATA_I,DATA_Z,DATA_N=RAMSTART-RAMEND      #
#                            -Z(DATA)CODE_I=RAMSTART-RAMEND                    #
#                            -Z(CONST)CODE_ID=ROMSTART-ROMEND                  #
#                            -QCODE_I=CODE_ID -D_CSTACK_SIZE=(100*4)           #
#                            -D_IRQ_STACK_SIZE=(3*8*4)                         #
#                            -Z(DATA)CSTACK+_CSTACK_SIZE=RAMSTART-RAMEND       #
#                            -Z(DATA)IRQ_STACK+_IRQ_STACK_SIZE=RAMSTART-RAMEND #
#                            -D_HEAP_SIZE=1024                                 #
#                            -Z(DATA)HEAP+_HEAP_SIZE=RAMSTART-RAMEND) -rt      #
#                            "E:\LMS NXT\AT91SAM7S256\SAM7S256\Tools\..\Lib\dl #
#                            4tptinl8n.r79"                                    #
#                            "-Oraw-binary=E:\LMS NXT\AT91SAM7S256\SAM7S256\To #
#                            ols\Benchmark\Exe\LMS_ARM_BENCH.a79"              #
#                                                                              #
#                        Copyright 1987-2006 IAR Systems. All rights reserved. #
################################################################################





                ****************************************
                *                                      *
                *           CROSS REFERENCE            *
                *                                      *
                ****************************************

                  There are no program entries.




                ****************************************
                *                                      *
                *            RUNTIME MODEL             *
                *                                      *
                ****************************************

  StackAlign4                = USED
  StackAlign8                = USED
  __cpu_mode                 = __pcs__interwork
  __data_model               = absolute
  __dlib_file_descriptor     = 0
  __dlib_full_locale_support = 0
  __endian                   = little
  __rt_version               = 6
  __thumb_aware              = enabled



                ****************************************
                *                                      *
                *              MODULE MAP              *
                *                                      *
                ****************************************


  DEFINED ABSOLUTE ENTRIES
    *************************************************************************

  DEFINED ABSOLUTE ENTRIES
  PROGRAM MODULE, NAME : ?ABS_ENTRY_MOD

Absolute parts
           ENTRY                   ADDRESS         REF BY
           =====                   =======         ======
           _HEAP_SIZE              00001024 
           _IRQ_STACK_SIZE         00000060 
           _CSTACK_SIZE            00000400 
           RAMEND                  0000FFFF 
           RAMSTART                00000100 
           ROMEND                  0013FFFF 
           ROMSTART                00100000 
    *************************************************************************

  FILE NAME : E:\LMS NXT\AT91SAM7S256\SAM7S256\Tools\Benchmark\Obj\Cstartup.r79
  PROGRAM MODULE, NAME : ?RESET

  SEGMENTS IN THE MODULE
  ======================
ICODE
  Relative segment, address: 00100000 - 001000A3 (0xa4 bytes), align: 2
  Segment part 0. ROOT.
           ENTRY                   ADDRESS         REF BY
           =====                   =======         ======
           reset                   00100000        Segment part 3 (?RESET_init)
           AT91F_Default_FIQ_handler
                                   00100094        AT91F_LowLevelInit (Cstartup_SAM7)
           AT91F_Default_IRQ_handler
                                   00100098        AT91F_LowLevelInit (Cstartup_SAM7)
           AT91F_Spurious_handler
                                   0010009C        AT91F_LowLevelInit (Cstartup_SAM7)
           LOCAL                   ADDRESS         
           =====                   =======         
           undefvec                00100004 
           swivec                  00100008 
           pabtvec                 0010000C 
           dabtvec                 00100010 
           rsvdvec                 00100014 
           irqvec                  00100018 
           IRQ_Handler_Entry       00100044 
           fiqvec                  0010001C 
           FIQ_Handler_Entry       0010001C 
           _?0                     001000A0 

    -------------------------------------------------------------------------
  PROGRAM MODULE, NAME : ?RESET_init

  SEGMENTS IN THE MODULE
  ======================
INTRAMEND_REMAP
  Relative segment, address: 00010000, align: 2
  Segment part 0. ROOT.
    -------------------------------------------------------------------------
INTRAMSTART
  Relative segment, address: 00200000, align: 2
  Segment part 1. ROOT.
    -------------------------------------------------------------------------
INTRAMEND_BEFORE_REMAP
  Relative segment, address: 00210000, align: 2
  Segment part 2. ROOT.
    -------------------------------------------------------------------------
ICODE
  Relative segment, address: 001000A4 - 0010015B (0xb8 bytes), align: 2
  Segment part 3. ROOT.
           ENTRY                   ADDRESS         REF BY
           =====                   =======         ======
           InitReset               001000A4        Segment part 0 (?RESET)
           __main                  00100130 
           LOCAL                   ADDRESS         
           =====                   =======         
           add_pc                  001000C0 
           add_pc_1                001000C4 
           copy                    001000D4 
           PtInitRemap             00100118 
           InitRemap               0010011C 
           ?jump_to_main           00100128 
           ?call_exit              00100134 
           End                     00100134 
           _?0                     00100138 
           _?1                     0010013C 
           _?2                     00100140 
           _?3                     00100144 
           _?4                     00100148 
           _?5                     0010014C 
           _?6                     00100150 
           _?7                     00100154 
           _?8                     00100158 

    *************************************************************************

  FILE NAME : E:\LMS NXT\AT91SAM7S256\SAM7S256\Tools\Benchmark\Obj\Cstartup_SAM7.r79
  PROGRAM MODULE, NAME : Cstartup_SAM7

  SEGMENTS IN THE MODULE
  ======================
ICODE
  Relative segment, address: 0010015C - 00100213 (0xb8 bytes), align: 2
  Segment part 2.
           ENTRY                   ADDRESS         REF BY
           =====                   =======         ======
           AT91F_LowLevelInit      0010015D        Segment part 3 (?RESET_init)
               stack 1 = 00000000 ( 0000000C )

    *************************************************************************

  FILE NAME : E:\LMS NXT\AT91SAM7S256\SAM7S256\Tools\Benchmark\Obj\c_button.r79
  PROGRAM MODULE, NAME : c_button

  SEGMENTS IN THE MODULE
  ======================
DATA_Z
  Relative segment, address: 000005E0 - 00000603 (0x24 bytes), align: 2
  Segment part 2.             Intra module refs:   Segment part 9
                                                   cButton
           LOCAL                   ADDRESS         
           =====                   =======         
           IOMapButton             000005E0 
    -------------------------------------------------------------------------
DATA_Z
  Relative segment, address: 00000604 - 00000610 (0xd bytes), align: 2
  Segment part 3.             Intra module refs:   Segment part 10
                                                   cButton
           LOCAL                   ADDRESS         
           =====                   =======         
           BtnCnt                  00000610 
           VarsButton              00000604 
    -------------------------------------------------------------------------
DATA_C
  Relative segment, address: 0011899C - 001189CF (0x34 bytes), align: 2
  Segment part 4.
           ENTRY                   ADDRESS         REF BY
           =====                   =======         ======
           cButton                 0011899C        Segment part 5 (m_sched)
    -------------------------------------------------------------------------
CODE
  Relative segment, address: 00100258 - 0010028F (0x38 bytes), align: 2
  Segment part 6.             Intra module refs:   cButton
           ENTRY                   ADDRESS         REF BY
           =====                   =======         ======
           cButtonInit             00100259 
               stack 1 = 00000000 ( 00000010 )
    -------------------------------------------------------------------------
CODE
  Relative segment, address: 00100290 - 0010035F (0xd0 bytes), align: 2
  Segment part 8.             Intra module refs:   cButton
           ENTRY                   ADDRESS         REF BY
           =====                   =======         ======
           cButtonCtrl             00100291 
               stack 1 = 00000000 ( 00000018 )
    -------------------------------------------------------------------------
CODE
  Relative segment, address: 00100360 - 00100363 (0x4 bytes), align: 2
  Segment part 9.             Intra module refs:   cButtonCtrl
                                                   cButtonInit
    -------------------------------------------------------------------------
CODE
  Relative segment, address: 00100364 - 00100367 (0x4 bytes), align: 2
  Segment part 10.            Intra module refs:   cButtonCtrl
                                                   cButtonInit
    -------------------------------------------------------------------------
CODE
  Relative segment, address: 00100368 - 00100371 (0xa bytes), align: 2
  Segment part 12.            Intra module refs:   cButton
           ENTRY                   ADDRESS         REF BY
           =====                   =======         ======
           cButtonExit             00100369 
               stack 1 = 00000000 ( 00000004 )
    -------------------------------------------------------------------------
INITTAB
  Relative segment, address: 00118498 - 001184A3 (0xc bytes), align: 2
  Segment part 16. ROOT.
           ENTRY                   ADDRESS         REF BY
           =====                   =======         ======
           ?init?tab?DATA_Z        00118498 

    *************************************************************************

  FILE NAME : E:\LMS NXT\AT91SAM7S256\SAM7S256\Tools\Benchmark\Obj\c_cmd.r79
  PROGRAM MODULE, NAME : c_cmd

  SEGMENTS IN THE MODULE
  ======================
DATA_Z
  Relative segment, address: 00000614 - 00008647 (0x8034 bytes), align: 2
  Segment part 10.            Intra module refs:   Segment part 104
                                                   Segment part 163
                                                   Segment part 180
                                                   Segment part 181
                                                   Segment part 391
                                                   Segment part 85
                                                   Segment part 95
                                                   Segment part 97
                                                   cCmd
                                                   cCmdCtrl
                                                   cCmdDSCompact
                                                   cCmdHandleRemoteCommands
                                                   cCmdInitPool
           LOCAL                   ADDRESS         
           =====                   =======         
           IOMapCmd                00000614 
    -------------------------------------------------------------------------
DATA_Z
  Relative segment, address: 00008648 - 00008FF7 (0x9b0 bytes), align: 2
  Segment part 11.            Intra module refs:   Segment part 103
                                                   Segment part 108
                                                   Segment part 109
                                                   Segment part 114
                                                   Segment part 128
                                                   Segment part 135
                                                   Segment part 149
                                                   Segment part 154
                                                   Segment part 155
                                                   Segment part 168
                                                   Segment part 173
                                                   Segment part 176
                                                   Segment part 186
                                                   Segment part 197
                                                   Segment part 211
                                                   Segment part 217
                                                   Segment part 218
                                                   Segment part 223
                                                   Segment part 230
                                                   Segment part 233
                                                   Segment part 236
                                                   Segment part 242
                                                   Segment part 249
                                                   Segment part 250
                                                   Segment part 253
                                                   Segment part 254
                                                   Segment part 255
                                                   Segment part 256
                                                   Segment part 260
                                                   Segment part 261
                                                   Segment part 265
                                                   Segment part 266
                                                   Segment part 267
                                                   Segment part 271
                                                   Segment part 272
                                                   Segment part 279
                                                   Segment part 280
                                                   Segment part 283
                                                   Segment part 284
                                                   Segment part 292
                                                   Segment part 293
                                                   Segment part 297
                                                   Segment part 324
                                                   Segment part 353
                                                   Segment part 362
                                                   Segment part 384
                                                   Segment part 390
                                                   Segment part 77
                                                   Segment part 86
                                                   Segment part 92
                                                   Segment part 96
                                                   cCmd
                                                   cCmdAllocSubArrayDopeVectors
                                                   cCmdBTCheckStatus
                                                   cCmdCtrl
                                                   cCmdHandleRemoteCommands
                                                   cCmdInterpBinop
                                                   cCmdInterpOther
                                                   cCmdWrapGetStartTick
                                                   cCmdWrapMessageRead
           LOCAL                   ADDRESS         
           =====                   =======         
           VarsCmd                 00008648 
    -------------------------------------------------------------------------
DATA_C
  Relative segment, address: 001189D0 - 00118AD3 (0x104 bytes), align: 2
  Segment part 3.             Intra module refs:   cCmdWriteBenchmarkFile
    -------------------------------------------------------------------------
DATA_C
  Relative segment, address: 00118AD4 - 00118ADB (0x8 bytes), align: 2
  Segment part 4.             Intra module refs:   cCmdCopyBitMapBits
    -------------------------------------------------------------------------
DATA_C
  Relative segment, address: 00118ADC - 00118AEB (0x10 bytes), align: 2
  Segment part 5.             Intra module refs:   Segment part 102
                                                   Segment part 89
    -------------------------------------------------------------------------
DATA_C
  Relative segment, address: 00118AEC - 00118AFB (0x10 bytes), align: 2
  Segment part 7.             Intra module refs:   cCmdWriteBenchmarkFile
    -------------------------------------------------------------------------
DATA_C
  Relative segment, address: 00118AFC - 00118B2F (0x34 bytes), align: 2
  Segment part 14.
           ENTRY                   ADDRESS         REF BY
           =====                   =======         ======
           cCmd                    00118AFC        Segment part 5 (m_sched)
    -------------------------------------------------------------------------
CODE
  Relative segment, address: 00100374 - 001003C1 (0x4e bytes), align: 2
  Segment part 29.            Intra module refs:   Segment part 17
           ENTRY                   ADDRESS         REF BY
           =====                   =======         ======
           cCmdWrapDrawText        00100375 
               stack 1 = 00000000 ( 0000000C )
    -------------------------------------------------------------------------
CODE
  Relative segment, address: 001003C4 - 0010040B (0x48 bytes), align: 2
  Segment part 31.            Intra module refs:   Segment part 17
           ENTRY                   ADDRESS         REF BY
           =====                   =======         ======
           cCmdWrapDrawPoint       001003C5 
               stack 1 = 00000000 ( 00000010 )
    -------------------------------------------------------------------------
CODE
  Relative segment, address: 0010040C - 00100461 (0x56 bytes), align: 2
  Segment part 33.            Intra module refs:   Segment part 17
           ENTRY                   ADDRESS         REF BY
           =====                   =======         ======
           cCmdWrapDrawLine        0010040D 
               stack 1 = 00000000 ( 00000018 )
    -------------------------------------------------------------------------
CODE
  Relative segment, address: 00100464 - 001004B1 (0x4e bytes), align: 2
  Segment part 35.            Intra module refs:   Segment part 17
           ENTRY                   ADDRESS         REF BY
           =====                   =======         ======
           cCmdWrapDrawCircle      00100465 
               stack 1 = 00000000 ( 00000014 )
    -------------------------------------------------------------------------
CODE
  Relative segment, address: 001004B4 - 00100509 (0x56 bytes), align: 2
  Segment part 37.            Intra module refs:   Segment part 17
           ENTRY                   ADDRESS         REF BY
           =====                   =======         ======
           cCmdWrapDrawRect        001004B5 
               stack 1 = 00000000 ( 00000018 )
    -------------------------------------------------------------------------
CODE
  Relative segment, address: 0010050C - 0010050F (0x4 bytes), align: 2
  Segment part 38.            Intra module refs:   cCmdWrapDrawCircle
                                                   cCmdWrapDrawLine
                                                   cCmdWrapDrawPoint
                                                   cCmdWrapDrawRect
                                                   cCmdWrapDrawText
    -------------------------------------------------------------------------
CODE
  Relative segment, address: 00100510 - 00100523 (0x14 bytes), align: 2
  Segment part 40.            Intra module refs:   cCmdResolveValue
                                                   cCmdWrapDrawPicture
           ENTRY                   ADDRESS         REF BY
           =====                   =======         ======
           cCmdGetIMGData          00100511 
               stack 1 = 00000000 ( 00000004 )
    -------------------------------------------------------------------------
CODE
  Relative segment, address: 00100524 - 00100537 (0x14 bytes), align: 2
  Segment part 42.            Intra module refs:   cCmdWrapDrawPicture
           ENTRY                   ADDRESS         REF BY
           =====                   =======         ======
           cCmdSetIMGData          00100525 
               stack 1 = 00000000 ( 00000004 )
    -------------------------------------------------------------------------
CODE
  Relative segment, address: 00100538 - 0010053B (0x4 bytes), align: 2
  Segment part 43.            Intra module refs:   cCmdGetIMGData
                                                   cCmdSetIMGData
    -------------------------------------------------------------------------
CODE
  Relative segment, address: 0010053C - 001005AF (0x74 bytes), align: 2
  Segment part 45.            Intra module refs:   cCmdWrapDrawPicture
           ENTRY                   ADDRESS         REF BY
           =====                   =======         ======
           cCmdResolveValue        0010053D 
               stack 1 = 00000000 ( 00000014 )
    -------------------------------------------------------------------------
CODE
  Relative segment, address: 001005B0 - 001005B3 (0x4 bytes), align: 2
  Segment part 46.            Intra module refs:   cCmdResolveValue
    -------------------------------------------------------------------------
CODE
  Relative segment, address: 001005B4 - 001008FF (0x34c bytes), align: 2
  Segment part 48.            Intra module refs:   Segment part 17
           ENTRY                   ADDRESS         REF BY
           =====                   =======         ======
           cCmdWrapDrawPicture     001005B5 
               stack 1 = 00000000 ( 00000058 )
    -------------------------------------------------------------------------
CODE
  Relative segment, address: 00100900 - 00100903 (0x4 bytes), align: 2
  Segment part 49.            Intra module refs:   cCmdWrapDrawPicture
    -------------------------------------------------------------------------
CODE
  Relative segment, address: 00100904 - 00100907 (0x4 bytes), align: 2
  Segment part 50.            Intra module refs:   cCmdWrapDrawPicture
    -------------------------------------------------------------------------
CODE
  Relative segment, address: 00100908 - 0010090B (0x4 bytes), align: 2
  Segment part 51.            Intra module refs:   cCmdWrapDrawPicture
    -------------------------------------------------------------------------
CODE
  Relative segment, address: 0010090C - 00100A1D (0x112 bytes), align: 2
  Segment part 53.            Intra module refs:   cCmdWrapDrawLine
                                                   cCmdWrapDrawPicture
           ENTRY                   ADDRESS         REF BY
           =====                   =======         ======
           cCmdDrawLine            0010090D 
               stack 1 = 00000000 ( 00000030 )
    -------------------------------------------------------------------------
CODE
  Relative segment, address: 00100A20 - 00100A23 (0x4 bytes), align: 2
  Segment part 54.            Intra module refs:   cCmdDrawLine
    -------------------------------------------------------------------------
CODE
  Relative segment, address: 00100A24 - 00100ADD (0xba bytes), align: 2
  Segment part 56.            Intra module refs:   cCmdWrapDrawPicture
                                                   cCmdWrapDrawRect
           ENTRY                   ADDRESS         REF BY
           =====                   =======         ======
           cCmdDrawRect            00100A25 
               stack 1 = 00000000 ( 00000044 )
    -------------------------------------------------------------------------
CODE
  Relative segment, address: 00100AE0 - 00100AE3 (0x4 bytes), align: 2
  Segment part 57.            Intra module refs:   cCmdDrawRect
    -------------------------------------------------------------------------
CODE
  Relative segment, address: 00100AE4 - 00100B7F (0x9c bytes), align: 2
  Segment part 59.            Intra module refs:   cCmdWrapDrawCircle
                                                   cCmdWrapDrawPicture
           ENTRY                   ADDRESS         REF BY
           =====                   =======         ======
           cCmdDrawCircle          00100AE5 
               stack 1 = 00000000 ( 00000030 )
    -------------------------------------------------------------------------
CODE
  Relative segment, address: 00100B80 - 00100C8F (0x110 bytes), align: 2
  Segment part 61.            Intra module refs:   cCmdWrapDrawPicture
           ENTRY                   ADDRESS         REF BY
           =====                   =======         ======
           cCmdCopyBitMapBits      00100B81 
               stack 1 = 00000000 ( 00000040 )
    -------------------------------------------------------------------------
CODE
  Relative segment, address: 00100C90 - 00100CC5 (0x36 bytes), align: 2
  Segment part 63.            Intra module refs:   cCmdDrawCircle
                                                   cCmdDrawLine
                                                   cCmdWrapDrawPicture
                                                   cCmdWrapDrawPoint
           ENTRY                   ADDRESS         REF BY
           =====                   =======         ======
           cCmdSetPixel            00100C91 
               stack 1 = 00000000 ( 00000014 )
    -------------------------------------------------------------------------
CODE
  Relative segment, address: 00100CC8 - 00100D05 (0x3e bytes), align: 2
  Segment part 65.            Intra module refs:   Segment part 17
           ENTRY                   ADDRESS         REF BY
           =====                   =======         ======
           cCmdWrapSetScreenMode   00100CC9 
               stack 1 = 00000000 ( 00000014 )
    -------------------------------------------------------------------------
CODE
  Relative segment, address: 00100D08 - 00100D2D (0x26 bytes), align: 2
  Segment part 67.            Intra module refs:   cCmdClearScreenIfNeeded
                                                   cCmdWrapDisplayExecuteFunction
           ENTRY                   ADDRESS         REF BY
           =====                   =======         ======
           cDirtyDisplay           00100D09 
               stack 1 = 00000000 ( 00000004 )
    -------------------------------------------------------------------------
CODE
  Relative segment, address: 00100D30 - 00100D8B (0x5c bytes), align: 2
  Segment part 69.            Intra module refs:   Segment part 17
           ENTRY                   ADDRESS         REF BY
           =====                   =======         ======
           cCmdWrapDisplayExecuteFunction
                                   00100D31 
               stack 1 = 00000000 ( 00000014 )
    -------------------------------------------------------------------------
CODE
  Relative segment, address: 00100D8C - 00100DC5 (0x3a bytes), align: 2
  Segment part 71.            Intra module refs:   cCmdWrapDrawCircle
                                                   cCmdWrapDrawLine
                                                   cCmdWrapDrawPicture
                                                   cCmdWrapDrawPoint
                                                   cCmdWrapDrawRect
                                                   cCmdWrapDrawText
           ENTRY                   ADDRESS         REF BY
           =====                   =======         ======
           cCmdClearScreenIfNeeded
                                   00100D8D 
               stack 1 = 00000000 ( 00000018 )
    -------------------------------------------------------------------------
CODE
  Relative segment, address: 00100DC8 - 00100E2B (0x64 bytes), align: 2
  Segment part 73.            Intra module refs:   cCmdWrapDrawPicture
                                                   cCmdWrapDrawText
           ENTRY                   ADDRESS         REF BY
           =====                   =======         ======
           cCmdDrawString          00100DC9 
               stack 1 = 00000000 ( 00000014 )
    -------------------------------------------------------------------------
CODE
  Relative segment, address: 00100E2C - 00100E2F (0x4 bytes), align: 2
  Segment part 74.            Intra module refs:   cCmdCopyBitMapBits
                                                   cCmdDrawString
                                                   cCmdSetPixel
                                                   cCmdWrapDisplayExecuteFunction
                                                   cCmdWrapSetScreenMode
                                                   cDirtyDisplay
    -------------------------------------------------------------------------
CODE
  Relative segment, address: 00100E30 - 00100E73 (0x44 bytes), align: 2
  Segment part 76.            Intra module refs:   cCmdCtrl
                                                   cCmdWrapSetScreenMode
           ENTRY                   ADDRESS         REF BY
           =====                   =======         ======
           cCmdRestoreDefaultScreen
                                   00100E31 
               stack 1 = 00000000 ( 00000014 )
    -------------------------------------------------------------------------
CODE
  Relative segment, address: 00100E74 - 00100E77 (0x4 bytes), align: 2
  Segment part 77.            Intra module refs:   cCmdRestoreDefaultScreen
                                                   cDirtyDisplay
    -------------------------------------------------------------------------
CODE
  Relative segment, address: 00100E78 - 00100E7B (0x4 bytes), align: 2
  Segment part 78.            Intra module refs:   cCmdClearScreenIfNeeded
                                                   cCmdRestoreDefaultScreen
    -------------------------------------------------------------------------
DATA_Z
  Relative segment, address: 00008FF8 - 00009057 (0x60 bytes), align: 2
  Segment part 24.            Intra module refs:   Segment part 23
                                                   cCmdInit
           ENTRY                   ADDRESS         REF BY
           =====                   =======         ======
           IO_PTRS_IN              00008FF8 
    -------------------------------------------------------------------------
DATA_Z
  Relative segment, address: 00009058 - 0000910B (0xb4 bytes), align: 2
  Segment part 25.            Intra module refs:   Segment part 23
                                                   cCmdInit
           ENTRY                   ADDRESS         REF BY
           =====                   =======         ======
           IO_PTRS_OUT             00009058 
    -------------------------------------------------------------------------
CODE
  Relative segment, address: 00100E7C - 00101537 (0x6bc bytes), align: 2
  Segment part 80.            Intra module refs:   cCmdInit
           ENTRY                   ADDRESS         REF BY
           =====                   =======         ======
           cCmdHandleRemoteCommands
                                   00100E7D 
               stack 1 = 00000000 ( 0000002C )
    -------------------------------------------------------------------------
CODE
  Relative segment, address: 00101538 - 0010153B (0x4 bytes), align: 2
  Segment part 81.            Intra module refs:   cCmdHandleRemoteCommands
    -------------------------------------------------------------------------
CODE
  Relative segment, address: 0010153C - 00101697 (0x15c bytes), align: 2
  Segment part 83.            Intra module refs:   cCmd
           ENTRY                   ADDRESS         REF BY
           =====                   =======         ======
           cCmdInit                0010153D 
               stack 1 = 00000000 ( 00000014 )
    -------------------------------------------------------------------------
CODE
  Relative segment, address: 00101698 - 0010169B (0x4 bytes), align: 2
  Segment part 84.            Intra module refs:   cCmdInit
    -------------------------------------------------------------------------
CODE
  Relative segment, address: 0010169C - 0010169F (0x4 bytes), align: 2
  Segment part 85.            Intra module refs:   cCmdInit
    -------------------------------------------------------------------------
CODE
  Relative segment, address: 001016A0 - 001016A3 (0x4 bytes), align: 2
  Segment part 86.            Intra module refs:   cCmdInit
    -------------------------------------------------------------------------
CODE
  Relative segment, address: 001016A4 - 001016A7 (0x4 bytes), align: 2
  Segment part 87.            Intra module refs:   cCmdInit
    -------------------------------------------------------------------------
CODE
  Relative segment, address: 001016A8 - 001016AB (0x4 bytes), align: 2
  Segment part 88.            Intra module refs:   cCmdInit
    -------------------------------------------------------------------------
CODE
  Relative segment, address: 001016AC - 001016AF (0x4 bytes), align: 2
  Segment part 89.            Intra module refs:   cCmdInit
    -------------------------------------------------------------------------
CODE
  Relative segment, address: 001016B0 - 00101933 (0x284 bytes), align: 2
  Segment part 91.            Intra module refs:   cCmd
           ENTRY                   ADDRESS         REF BY
           =====                   =======         ======
           cCmdCtrl                001016B1 
               stack 1 = 00000000 ( 00000020 )
    -------------------------------------------------------------------------
CODE
  Relative segment, address: 00101934 - 00101937 (0x4 bytes), align: 2
  Segment part 92.            Intra module refs:   cCmdCtrl
    -------------------------------------------------------------------------
CODE
  Relative segment, address: 00101938 - 0010193B (0x4 bytes), align: 2
  Segment part 93.            Intra module refs:   cCmdCtrl
    -------------------------------------------------------------------------
CODE
  Relative segment, address: 0010193C - 0010193F (0x4 bytes), align: 2
  Segment part 94.            Intra module refs:   cCmdCtrl
                                                   cCmdInit
    -------------------------------------------------------------------------
CODE
  Relative segment, address: 00101940 - 00101943 (0x4 bytes), align: 2
  Segment part 95.            Intra module refs:   cCmdCtrl
    -------------------------------------------------------------------------
CODE
  Relative segment, address: 00101944 - 00101947 (0x4 bytes), align: 2
  Segment part 96.            Intra module refs:   cCmdCtrl
    -------------------------------------------------------------------------
CODE
  Relative segment, address: 00101948 - 0010194B (0x4 bytes), align: 2
  Segment part 97.            Intra module refs:   cCmdCtrl
    -------------------------------------------------------------------------
CODE
  Relative segment, address: 0010194C - 00101955 (0xa bytes), align: 2
  Segment part 99.            Intra module refs:   cCmd
           ENTRY                   ADDRESS         REF BY
           =====                   =======         ======
           cCmdExit                0010194D 
               stack 1 = 00000000 ( 00000004 )
    -------------------------------------------------------------------------
CODE
  Relative segment, address: 00101958 - 00101AFB (0x1a4 bytes), align: 2
  Segment part 101.           Intra module refs:   cCmdActivateProgram
           ENTRY                   ADDRESS         REF BY
           =====                   =======         ======
           cCmdReadFileHeader      00101959 
               stack 1 = 00000000 ( 0000001C )
    -------------------------------------------------------------------------
CODE
  Relative segment, address: 00101AFC - 00101AFF (0x4 bytes), align: 2
  Segment part 102.           Intra module refs:   cCmdReadFileHeader
    -------------------------------------------------------------------------
CODE
  Relative segment, address: 00101B00 - 00101B03 (0x4 bytes), align: 2
  Segment part 103.           Intra module refs:   cCmdReadFileHeader
    -------------------------------------------------------------------------
CODE
  Relative segment, address: 00101B04 - 00101B07 (0x4 bytes), align: 2
  Segment part 104.           Intra module refs:   cCmdReadFileHeader
    -------------------------------------------------------------------------
CODE
  Relative segment, address: 00101B08 - 00101B0B (0x4 bytes), align: 2
  Segment part 105.           Intra module refs:   cCmdReadFileHeader
    -------------------------------------------------------------------------
CODE
  Relative segment, address: 00101B0C - 00101C11 (0x106 bytes), align: 2
  Segment part 107.           Intra module refs:   cCmdActivateProgram
           ENTRY                   ADDRESS         REF BY
           =====                   =======         ======
           cCmdInflateDSDefaults   00101B0D 
               stack 1 = 00000000 ( 00000020 )
    -------------------------------------------------------------------------
CODE
  Relative segment, address: 00101C14 - 00101C17 (0x4 bytes), align: 2
  Segment part 108.           Intra module refs:   cCmdInflateDSDefaults
    -------------------------------------------------------------------------
CODE
  Relative segment, address: 00101C18 - 00101C1B (0x4 bytes), align: 2
  Segment part 109.           Intra module refs:   cCmdInflateDSDefaults
    -------------------------------------------------------------------------
CODE
  Relative segment, address: 00101C1C - 00101E1B (0x200 bytes), align: 2
  Segment part 111.           Intra module refs:   cCmdCtrl
           ENTRY                   ADDRESS         REF BY
           =====                   =======         ======
           cCmdActivateProgram     00101C1D 
               stack 1 = 00000000 ( 00000048 )
    -------------------------------------------------------------------------
CODE
  Relative segment, address: 00101E1C - 00101EC3 (0xa8 bytes), align: 2
  Segment part 113.           Intra module refs:   cCmdActivateProgram
                                                   cCmdCtrl
                                                   cCmdInit
           ENTRY                   ADDRESS         REF BY
           =====                   =======         ======
           cCmdDeactivateProgram   00101E1D 
               stack 1 = 00000000 ( 00000018 )
    -------------------------------------------------------------------------
CODE
  Relative segment, address: 00101EC4 - 00101EC7 (0x4 bytes), align: 2
  Segment part 114.           Intra module refs:   cCmdActivateProgram
                                                   cCmdDeactivateProgram
    -------------------------------------------------------------------------
CODE
  Relative segment, address: 00101EC8 - 00101ECB (0x4 bytes), align: 2
  Segment part 115.           Intra module refs:   cCmdActivateProgram
                                                   cCmdDeactivateProgram
    -------------------------------------------------------------------------
CODE
  Relative segment, address: 00101ECC - 00101ECF (0x4 bytes), align: 2
  Segment part 116.           Intra module refs:   cCmdActivateProgram
                                                   cCmdDeactivateProgram
    -------------------------------------------------------------------------
CODE
  Relative segment, address: 00101ED0 - 00101FED (0x11e bytes), align: 2
  Segment part 118.           Intra module refs:   cCmdCtrl
           ENTRY                   ADDRESS         REF BY
           =====                   =======         ======
           cCmdResetDevices        00101ED1 
               stack 1 = 00000000 ( 00000010 )
    -------------------------------------------------------------------------
CODE
  Relative segment, address: 00101FF0 - 00101FF3 (0x4 bytes), align: 2
  Segment part 119.           Intra module refs:   cCmdResetDevices
    -------------------------------------------------------------------------
CODE
  Relative segment, address: 00101FF4 - 0010201F (0x2c bytes), align: 2
  Segment part 121.           Intra module refs:   cCmdAcquireMutex
                                                   cCmdActivateProgram
                                                   cCmdInterpUnop1
                                                   cCmdInterpUnop2
                                                   cCmdReleaseMutex
                                                   cCmdSchedDependent
                                                   cCmdSchedDependents
           ENTRY                   ADDRESS         REF BY
           =====                   =======         ======
           cCmdEnQClump            00101FF5 
               stack 1 = 00000000 ( 00000008 )
    -------------------------------------------------------------------------
CODE
  Relative segment, address: 00102020 - 0010206F (0x50 bytes), align: 2
  Segment part 123.           Intra module refs:   cCmdAcquireMutex
                                                   cCmdInterpUnop1
                                                   cCmdInterpUnop2
                                                   cCmdReleaseMutex
           ENTRY                   ADDRESS         REF BY
           =====                   =======         ======
           cCmdDeQClump            00102021 
               stack 1 = 00000000 ( 00000014 )
    -------------------------------------------------------------------------
CODE
  Relative segment, address: 00102070 - 0010209F (0x30 bytes), align: 2
  Segment part 125.           Intra module refs:   cCmdCtrl
           ENTRY                   ADDRESS         REF BY
           =====                   =======         ======
           cCmdRotateQ             00102071 
               stack 1 = 00000000 ( 00000008 )
    -------------------------------------------------------------------------
CODE
  Relative segment, address: 001020A0 - 001020A3 (0x4 bytes), align: 2
  Segment part 128.           Intra module refs:   cCmdDeQClump
                                                   cCmdEnQClump
                                                   cCmdRotateQ
    -------------------------------------------------------------------------
CODE
  Relative segment, address: 001020A4 - 001020CD (0x2a bytes), align: 2
  Segment part 132.           Intra module refs:   cCmdInterpUnop1
           ENTRY                   ADDRESS         REF BY
           =====                   =======         ======
           cCmdAcquireMutex        001020A5 
               stack 1 = 00000000 ( 0000000C )
    -------------------------------------------------------------------------
CODE
  Relative segment, address: 001020D0 - 001020F1 (0x22 bytes), align: 2
  Segment part 134.           Intra module refs:   cCmdInterpUnop1
           ENTRY                   ADDRESS         REF BY
           =====                   =======         ======
           cCmdReleaseMutex        001020D1 
               stack 1 = 00000000 ( 00000008 )
    -------------------------------------------------------------------------
CODE
  Relative segment, address: 001020F4 - 001020F7 (0x4 bytes), align: 2
  Segment part 135.           Intra module refs:   cCmdAcquireMutex
                                                   cCmdReleaseMutex
    -------------------------------------------------------------------------
CODE
  Relative segment, address: 001020F8 - 0010214F (0x58 bytes), align: 2
  Segment part 137.           Intra module refs:   cCmdInterpUnop2
           ENTRY                   ADDRESS         REF BY
           =====                   =======         ======
           cCmdSchedDependents     001020F9 
               stack 1 = 00000000 ( 00000014 )
    -------------------------------------------------------------------------
CODE
  Relative segment, address: 00102150 - 00102179 (0x2a bytes), align: 2
  Segment part 139.           Intra module refs:   cCmdInterpUnop1
           ENTRY                   ADDRESS         REF BY
           =====                   =======         ======
           cCmdSchedDependent      00102151 
               stack 1 = 00000000 ( 00000008 )
    -------------------------------------------------------------------------
CODE
  Relative segment, address: 0010217C - 001021A7 (0x2c bytes), align: 2
  Segment part 144.           Intra module refs:   cCmdActivateProgram
                                                   cCmdInit
           ENTRY                   ADDRESS         REF BY
           =====                   =======         ======
           cCmdInitPool            0010217D 
               stack 1 = 00000000 ( 0000000C )
    -------------------------------------------------------------------------
CODE
  Relative segment, address: 001021A8 - 0010224B (0xa4 bytes), align: 2
  Segment part 146.           Intra module refs:   cCmdInterpBinop
                                                   cCmdInterpOther
                                                   cCmdInterpPolyBinop
                                                   cCmdInterpPolyUnop2
                                                   cCmdInterpUnop2
           ENTRY                   ADDRESS         REF BY
           =====                   =======         ======
           cCmdDSArrayAlloc        001021A9 
               stack 1 = 00000000 ( 00000018 )
    -------------------------------------------------------------------------
CODE
  Relative segment, address: 0010224C - 00102337 (0xec bytes), align: 2
  Segment part 148.           Intra module refs:   cCmdDSArrayAlloc
                                                   cCmdMessageWrite
                                                   cCmdWrapCommLSRead
                                                   cCmdWrapFileRead
                                                   cCmdWrapIOMapRead
                                                   cCmdWrapIOMapReadByID
                                                   cCmdWrapMessageRead
           ENTRY                   ADDRESS         REF BY
           =====                   =======         ======
           cCmdDVArrayAlloc        0010224D 
               stack 1 = 00000000 ( 0000001C )
    -------------------------------------------------------------------------
CODE
  Relative segment, address: 00102338 - 0010233B (0x4 bytes), align: 2
  Segment part 149.           Intra module refs:   cCmdDVArrayAlloc
                                                   cCmdInitPool
                                                   cCmdSchedDependent
                                                   cCmdSchedDependents
    -------------------------------------------------------------------------
CODE
  Relative segment, address: 0010233C - 001023BF (0x84 bytes), align: 2
  Segment part 151.           Intra module refs:   cCmdDSArrayAlloc
           ENTRY                   ADDRESS         REF BY
           =====                   =======         ======
           cCmdAllocSubArrayDopeVectors
                                   0010233D 
               stack 1 = 00000000 ( 00000020 )
    -------------------------------------------------------------------------
CODE
  Relative segment, address: 001023C0 - 00102461 (0xa2 bytes), align: 2
  Segment part 153.           Intra module refs:   cCmdDSArrayAlloc
           ENTRY                   ADDRESS         REF BY
           =====                   =======         ======
           cCmdFreeSubArrayDopeVectors
                                   001023C1 
               stack 1 = 00000000 ( 00000018 )
    -------------------------------------------------------------------------
CODE
  Relative segment, address: 00102464 - 00102467 (0x4 bytes), align: 2
  Segment part 154.           Intra module refs:   cCmdAllocSubArrayDopeVectors
                                                   cCmdFreeSubArrayDopeVectors
    -------------------------------------------------------------------------
CODE
  Relative segment, address: 00102468 - 0010246B (0x4 bytes), align: 2
  Segment part 155.           Intra module refs:   cCmdDSArrayAlloc
                                                   cCmdFreeSubArrayDopeVectors
    -------------------------------------------------------------------------
CODE
  Relative segment, address: 0010246C - 001024CF (0x64 bytes), align: 2
  Segment part 157.           Intra module refs:   cCmdAllocSubArrayDopeVectors
                                                   cCmdMessageWrite
           ENTRY                   ADDRESS         REF BY
           =====                   =======         ======
           cCmdAllocDopeVector     0010246D 
               stack 1 = 00000000 ( 00000018 )
    -------------------------------------------------------------------------
CODE
  Relative segment, address: 001024D0 - 00102521 (0x52 bytes), align: 2
  Segment part 159.           Intra module refs:   cCmdFreeSubArrayDopeVectors
                                                   cCmdMessageRead
                                                   cCmdMessageWrite
           ENTRY                   ADDRESS         REF BY
           =====                   =======         ======
           cCmdFreeDopeVector      001024D1 
               stack 1 = 00000000 ( 00000014 )
    -------------------------------------------------------------------------
CODE
  Relative segment, address: 00102524 - 00102527 (0x4 bytes), align: 2
  Segment part 160.           Intra module refs:   cCmdAllocDopeVector
                                                   cCmdDVArrayAlloc
                                                   cCmdFreeDopeVector
    -------------------------------------------------------------------------
CODE
  Relative segment, address: 00102528 - 001025FD (0xd6 bytes), align: 2
  Segment part 162.           Intra module refs:   cCmdAllocDopeVector
           ENTRY                   ADDRESS         REF BY
           =====                   =======         ======
           cCmdGrowDopeVectorArray
                                   00102529 
               stack 1 = 00000000 ( 00000018 )
    -------------------------------------------------------------------------
CODE
  Relative segment, address: 00102600 - 00102603 (0x4 bytes), align: 2
  Segment part 163.           Intra module refs:   cCmdGrowDopeVectorArray
    -------------------------------------------------------------------------
CODE
  Relative segment, address: 00102604 - 001026A7 (0xa4 bytes), align: 2
  Segment part 167.           Intra module refs:   cCmdAllocSubArrayDopeVectors
           ENTRY                   ADDRESS         REF BY
           =====                   =======         ======
           cCmdCalcArrayElemSize   00102605 
               stack 1 = 00000000 ( 00000018 )
    -------------------------------------------------------------------------
CODE
  Relative segment, address: 001026A8 - 001026AB (0x4 bytes), align: 2
  Segment part 168.           Intra module refs:   cCmdCalcArrayElemSize
    -------------------------------------------------------------------------
CODE
  Relative segment, address: 001026AC - 001026F5 (0x4a bytes), align: 2
  Segment part 170.           Intra module refs:   cCmdDVArrayAlloc
                                                   cCmdGrowDopeVectorArray
           ENTRY                   ADDRESS         REF BY
           =====                   =======         ======
           cCmdMemMgrMoveToTail    001026AD 
               stack 1 = 00000000 ( 00000014 )
    -------------------------------------------------------------------------
CODE
  Relative segment, address: 001026F8 - 00102719 (0x22 bytes), align: 2
  Segment part 172.           Intra module refs:   cCmdAllocDopeVector
           ENTRY                   ADDRESS         REF BY
           =====                   =======         ======
           cCmdMemMgrInsertAtTail
                                   001026F9 
               stack 1 = 00000000 ( 00000004 )
    -------------------------------------------------------------------------
CODE
  Relative segment, address: 0010271C - 0010271F (0x4 bytes), align: 2
  Segment part 173.           Intra module refs:   cCmdAllocDopeVector
                                                   cCmdFreeDopeVector
                                                   cCmdMemMgrInsertAtTail
                                                   cCmdMemMgrMoveToTail
    -------------------------------------------------------------------------
CODE
  Relative segment, address: 00102720 - 00102789 (0x6a bytes), align: 2
  Segment part 175.           Intra module refs:   cCmdActivateProgram
           ENTRY                   ADDRESS         REF BY
           =====                   =======         ======
           cCmdVerifyMemMgr        00102721 
               stack 1 = 00000000 ( 00000014 )
    -------------------------------------------------------------------------
CODE
  Relative segment, address: 0010278C - 0010278F (0x4 bytes), align: 2
  Segment part 176.           Intra module refs:   cCmdGrowDopeVectorArray
                                                   cCmdVerifyMemMgr
    -------------------------------------------------------------------------
CODE
  Relative segment, address: 00102790 - 00102793 (0x4 bytes), align: 2
  Segment part 177.           Intra module refs:   cCmdGrowDopeVectorArray
                                                   cCmdMemMgrInsertAtTail
                                                   cCmdMemMgrMoveToTail
                                                   cCmdVerifyMemMgr
    -------------------------------------------------------------------------
CODE
  Relative segment, address: 00102794 - 001028AB (0x118 bytes), align: 2
  Segment part 179.           Intra module refs:   cCmdHandleRemoteCommands
                                                   cCmdInterpFromClump
           ENTRY                   ADDRESS         REF BY
           =====                   =======         ======
           cCmdDSCompact           00102795 
               stack 1 = 00000000 ( 00000024 )
    -------------------------------------------------------------------------
CODE
  Relative segment, address: 001028AC - 001028AF (0x4 bytes), align: 2
  Segment part 180.           Intra module refs:   cCmdDSCompact
    -------------------------------------------------------------------------
CODE
  Relative segment, address: 001028B0 - 001028B3 (0x4 bytes), align: 2
  Segment part 181.           Intra module refs:   cCmdDSCompact
    -------------------------------------------------------------------------
CODE
  Relative segment, address: 001028B4 - 0010299B (0xe8 bytes), align: 2
  Segment part 183.           Intra module refs:   cCmdHandleRemoteCommands
                                                   cCmdWrapMessageWrite
           ENTRY                   ADDRESS         REF BY
           =====                   =======         ======
           cCmdMessageWrite        001028B5 
               stack 1 = 00000000 ( 00000018 )
    -------------------------------------------------------------------------
CODE
  Relative segment, address: 0010299C - 00102A01 (0x66 bytes), align: 2
  Segment part 185.           Intra module refs:   cCmdHandleRemoteCommands
                                                   cCmdWrapMessageRead
           ENTRY                   ADDRESS         REF BY
           =====                   =======         ======
           cCmdMessageGetSize      0010299D 
               stack 1 = 00000000 ( 0000000C )
    -------------------------------------------------------------------------
CODE
  Relative segment, address: 00102A04 - 00102A07 (0x4 bytes), align: 2
  Segment part 186.           Intra module refs:   cCmdDSCompact
                                                   cCmdMessageGetSize
                                                   cCmdMessageWrite
    -------------------------------------------------------------------------
CODE
  Relative segment, address: 00102A08 - 00102AC1 (0xba bytes), align: 2
  Segment part 188.           Intra module refs:   cCmdHandleRemoteCommands
                                                   cCmdWrapMessageRead
           ENTRY                   ADDRESS         REF BY
           =====                   =======         ======
           cCmdMessageRead         00102A09 
               stack 1 = 00000000 ( 00000024 )
    -------------------------------------------------------------------------
CODE
  Relative segment, address: 00102AC4 - 00102AC7 (0x4 bytes), align: 2
  Segment part 189.           Intra module refs:   cCmdDSCompact
                                                   cCmdMessageRead
                                                   cCmdMessageWrite
    -------------------------------------------------------------------------
CODE
  Relative segment, address: 00102AC8 - 00102B23 (0x5c bytes), align: 2
  Segment part 196.           Intra module refs:   cCmdExecuteSetOut
                                                   cCmdFlattenToByteArray
                                                   cCmdInflateDSDefaults
                                                   cCmdInterpBinop
                                                   cCmdInterpOther
                                                   cCmdInterpPolyBinop
                                                   cCmdInterpPolyUnop2
                                                   cCmdInterpUnop1
                                                   cCmdInterpUnop2
                                                   cCmdRecursiveCompareAggregates
                                                   cCmdUnflattenFromByteArray
           ENTRY                   ADDRESS         REF BY
           =====                   =======         ======
           cCmdResolveDataArg      00102AC9 
               stack 1 = 00000000 ( 0000000C )
    -------------------------------------------------------------------------
CODE
  Relative segment, address: 00102B24 - 00102B27 (0x4 bytes), align: 2
  Segment part 197.           Intra module refs:   cCmdResolveDataArg
    -------------------------------------------------------------------------
CODE
  Relative segment, address: 00102B28 - 00102B2B (0x4 bytes), align: 2
  Segment part 198.           Intra module refs:   cCmdResolveDataArg
    -------------------------------------------------------------------------
CODE
  Relative segment, address: 00102B2C - 00102B4F (0x24 bytes), align: 2
  Segment part 200.           Intra module refs:   cCmdExecuteSetOut
                                                   cCmdInterpBinop
                                                   cCmdInterpOther
                                                   cCmdInterpPolyBinop
                                                   cCmdInterpPolyUnop2
                                                   cCmdInterpUnop1
                                                   cCmdInterpUnop2
           ENTRY                   ADDRESS         REF BY
           =====                   =======         ======
           cCmdSetVal              00102B2D 
               stack 1 = 00000000 ( 00000004 )
    -------------------------------------------------------------------------
CODE
  Relative segment, address: 00102B50 - 00102B83 (0x34 bytes), align: 2
  Segment part 202.           Intra module refs:   cCmdExecuteSetOut
                                                   cCmdInterpBinop
                                                   cCmdInterpOther
                                                   cCmdInterpPolyBinop
                                                   cCmdInterpPolyUnop2
                                                   cCmdInterpUnop1
                                                   cCmdInterpUnop2
                                                   cCmdRecursiveCompareAggregates
           ENTRY                   ADDRESS         REF BY
           =====                   =======         ======
           cCmdGetVal              00102B51 
               stack 1 = 00000000 ( 00000004 )
    -------------------------------------------------------------------------
CODE
  Relative segment, address: 00102B84 - 00102BD5 (0x52 bytes), align: 2
  Segment part 206.           Intra module refs:   cCmdInterpUnop1
                                                   cCmdInterpUnop2
                                                   cCmdResolveDataArg
           ENTRY                   ADDRESS         REF BY
           =====                   =======         ======
           cCmdDSPtr               00102B85 
               stack 1 = 00000000 ( 00000010 )
    -------------------------------------------------------------------------
CODE
  Relative segment, address: 00102BD8 - 00102BE7 (0x10 bytes), align: 2
  Segment part 208.           Intra module refs:   cCmdMessageRead
                                                   cCmdMessageWrite
                                                   cCmdWrapCommBTWrite
                                                   cCmdWrapCommExecuteFunction
                                                   cCmdWrapCommLSRead
                                                   cCmdWrapCommLSWrite
                                                   cCmdWrapDrawPicture
                                                   cCmdWrapDrawText
                                                   cCmdWrapFileDelete
                                                   cCmdWrapFileOpenAppend
                                                   cCmdWrapFileOpenRead
                                                   cCmdWrapFileOpenWrite
                                                   cCmdWrapFileRead
                                                   cCmdWrapFileRename
                                                   cCmdWrapFileResolveHandle
                                                   cCmdWrapFileWrite
                                                   cCmdWrapIOMapRead
                                                   cCmdWrapIOMapReadByID
                                                   cCmdWrapIOMapWrite
                                                   cCmdWrapIOMapWriteByID
                                                   cCmdWrapLoaderExecuteFunction
                                                   cCmdWrapMessageRead
                                                   cCmdWrapMessageWrite
                                                   cCmdWrapSoundPlayFile
           ENTRY                   ADDRESS         REF BY
           =====                   =======         ======
           cCmdDVPtr               00102BD9 
    -------------------------------------------------------------------------
CODE
  Relative segment, address: 00102BE8 - 00102C2B (0x44 bytes), align: 2
  Segment part 210.           Intra module refs:   cCmdActivateProgram
                                                   cCmdCalcFlattenedSize
                                                   cCmdCompareDSType
                                                   cCmdFlattenToByteArray
                                                   cCmdInflateDSDefaults
                                                   cCmdInterpPolyBinop
                                                   cCmdInterpPolyUnop2
                                                   cCmdInterpUnop2
                                                   cCmdRecursiveCompareAggregates
                                                   cCmdUnflattenFromByteArray
           ENTRY                   ADDRESS         REF BY
           =====                   =======         ======
           cCmdNextDSElement       00102BE9 
               stack 1 = 00000000 ( 00000008 )
    -------------------------------------------------------------------------
CODE
  Relative segment, address: 00102C2C - 00102C2F (0x4 bytes), align: 2
  Segment part 211.           Intra module refs:   cCmdDSPtr
                                                   cCmdDVPtr
                                                   cCmdMessageRead
                                                   cCmdNextDSElement
    -------------------------------------------------------------------------
CODE
  Relative segment, address: 00102C30 - 00102C33 (0x4 bytes), align: 2
  Segment part 212.           Intra module refs:   cCmdNextDSElement
    -------------------------------------------------------------------------
CODE
  Relative segment, address: 00102C34 - 00102CBF (0x8c bytes), align: 2
  Segment part 214.           Intra module refs:   cCmdInterpOther
           ENTRY                   ADDRESS         REF BY
           =====                   =======         ======
           cCmdCompareDSType       00102C35 
               stack 1 = 00000000 ( 00000014 )
    -------------------------------------------------------------------------
CODE
  Relative segment, address: 00102CC0 - 00102D97 (0xd8 bytes), align: 2
  Segment part 216.           Intra module refs:   cCmdInterpOther
                                                   cCmdInterpUnop2
           ENTRY                   ADDRESS         REF BY
           =====                   =======         ======
           cCmdCalcFlattenedSize   00102CC1 
               stack 1 = 00000000 ( 00000014 )
    -------------------------------------------------------------------------
CODE
  Relative segment, address: 00102D98 - 00102D9B (0x4 bytes), align: 2
  Segment part 217.           Intra module refs:   cCmdCalcFlattenedSize
                                                   cCmdCompareDSType
    -------------------------------------------------------------------------
CODE
  Relative segment, address: 00102D9C - 00102D9F (0x4 bytes), align: 2
  Segment part 218.           Intra module refs:   cCmdCalcFlattenedSize
    -------------------------------------------------------------------------
CODE
  Relative segment, address: 00102DA0 - 00102EA3 (0x104 bytes), align: 2
  Segment part 220.           Intra module refs:   cCmdInterpUnop2
           ENTRY                   ADDRESS         REF BY
           =====                   =======         ======
           cCmdFlattenToByteArray
                                   00102DA1 
               stack 1 = 00000000 ( 00000020 )
    -------------------------------------------------------------------------
CODE
  Relative segment, address: 00102EA4 - 00102FAB (0x108 bytes), align: 2
  Segment part 222.           Intra module refs:   cCmdInterpOther
           ENTRY                   ADDRESS         REF BY
           =====                   =======         ======
           cCmdUnflattenFromByteArray
                                   00102EA5 
               stack 1 = 00000000 ( 00000020 )
    -------------------------------------------------------------------------
CODE
  Relative segment, address: 00102FAC - 00102FAF (0x4 bytes), align: 2
  Segment part 223.           Intra module refs:   cCmdFlattenToByteArray
                                                   cCmdUnflattenFromByteArray
    -------------------------------------------------------------------------
CODE
  Relative segment, address: 00102FB0 - 00102FC7 (0x18 bytes), align: 2
  Segment part 227.           Intra module refs:   cCmdArrayCount
                                                   cCmdCalcFlattenedSize
                                                   cCmdDSArrayAlloc
                                                   cCmdDSPtr
                                                   cCmdExecuteSetOut
                                                   cCmdFlattenToByteArray
                                                   cCmdFreeSubArrayDopeVectors
                                                   cCmdInterpBinop
                                                   cCmdInterpOther
                                                   cCmdInterpPolyBinop
                                                   cCmdInterpPolyUnop2
                                                   cCmdRecursiveCompareAggregates
                                                   cCmdUnflattenFromByteArray
           ENTRY                   ADDRESS         REF BY
           =====                   =======         ======
           cCmdGetDVIndex          00102FB1 
               stack 1 = 00000000 ( 00000004 )
    -------------------------------------------------------------------------
CODE
  Relative segment, address: 00102FC8 - 00102FE9 (0x22 bytes), align: 2
  Segment part 229.           Intra module refs:   cCmdInterpOther
           ENTRY                   ADDRESS         REF BY
           =====                   =======         ======
           cCmdArrayDimensions     00102FC9 
               stack 1 = 00000000 ( 00000004 )
    -------------------------------------------------------------------------
CODE
  Relative segment, address: 00102FEC - 00102FEF (0x4 bytes), align: 2
  Segment part 230.           Intra module refs:   cCmdArrayDimensions
    -------------------------------------------------------------------------
CODE
  Relative segment, address: 00102FF0 - 00103005 (0x16 bytes), align: 2
  Segment part 232.           Intra module refs:   cCmdDSPtr
                                                   cCmdExecuteSetOut
                                                   cCmdInterpOther
                                                   cCmdInterpPolyBinop
                                                   cCmdInterpPolyUnop2
                                                   cCmdInterpUnop2
                                                   cCmdRecursiveCompareAggregates
           ENTRY                   ADDRESS         REF BY
           =====                   =======         ======
           cCmdArrayCount          00102FF1 
               stack 1 = 00000000 ( 00000004 )
    -------------------------------------------------------------------------
CODE
  Relative segment, address: 00103008 - 0010300B (0x4 bytes), align: 2
  Segment part 233.           Intra module refs:   cCmdArrayCount
                                                   cCmdFlattenToByteArray
[...]
                                                   cCmdBinop (c_cmd)
                                                   cCmdCtrl (c_cmd)
                                                   cInputCalcSensorValue (c_input)
    -------------------------------------------------------------------------
CODE
  Relative segment, address: 00117438 - 00117443 (0xc bytes), align: 2
  Segment part 5.             Intra module refs:   ??divu32_t
           ENTRY                   ADDRESS         REF BY
           =====                   =======         ======
           ??divu32_a              00117438 
    -------------------------------------------------------------------------
CODE
  Relative segment, address: 00117444 - 00117447 (0x4 bytes), align: 2
  Segment part 10.
           ENTRY                   ADDRESS         REF BY
           =====                   =======         ======
           ??div32_t               00117445        _LdtobDefault (?xprintffull)
                                                   _Stoflt (?xstoflt)
                                                   cCmdBinop (c_cmd)
                                                   cCmdCalcArrayElemSize (c_cmd)
                                                   cCmdMessageRead (c_cmd)
                                                   cCmdMessageWrite (c_cmd)
                                                   cCmdResolveValue (c_cmd)
                                                   cDisplayUpdateIcon (c_display)
                                                   cInputCalcFullScale (c_input)
                                                   cInputCalcSensorRaw (c_input)
                                                   cInputCalcSensorValue (c_input)
                                                   dButtonRead (d_button)
                                                   dOutputCalculateMotorPosition (d_output)
                                                   dOutputRampDownFunction (d_output)
                                                   dOutputRampUpFunction (d_output)
                                                   dOutputSyncMotorPosition (d_output)
                                                   div (?div)
    -------------------------------------------------------------------------
CODE
  Relative segment, address: 00117448 - 0011745F (0x18 bytes), align: 2
  Segment part 11.            Intra module refs:   ??div32_t
           ENTRY                   ADDRESS         REF BY
           =====                   =======         ======
           ??div32_a               00117448 
    -------------------------------------------------------------------------
CODE
  Relative segment, address: 00117460 - 00117537 (0xd8 bytes), align: 2
  Segment part 12.            Intra module refs:   ??div32_a
                                                   ??divu32_a

    -------------------------------------------------------------------------
  LIBRARY MODULE, NAME : ?ll_mul

  SEGMENTS IN THE MODULE
  ======================
CODE
  Relative segment, address: 00117538 - 0011755B (0x24 bytes), align: 2
  Segment part 0.
           ENTRY                   ADDRESS         REF BY
           =====                   =======         ======
           ??llmul_t               00117539        _Stoull (?xstoull)

    -------------------------------------------------------------------------
  LIBRARY MODULE, NAME : ?divu64

  SEGMENTS IN THE MODULE
  ======================
CODE
  Relative segment, address: 0011755C - 0011755F (0x4 bytes), align: 2
  Segment part 0.
           ENTRY                   ADDRESS         REF BY
           =====                   =======         ======
           ??divu64_t              0011755D        _LitobDefault (?xprintffull)
                                                   _Stoull (?xstoull)
    -------------------------------------------------------------------------
CODE
  Relative segment, address: 00117560 - 001175E7 (0x88 bytes), align: 2
  Segment part 1.             Intra module refs:   ??divu64_t
           ENTRY                   ADDRESS         REF BY
           =====                   =======         ======
           ??divu64_a              00117560 

    -------------------------------------------------------------------------
  LIBRARY MODULE, NAME : ?GetDenormal

  SEGMENTS IN THE MODULE
  ======================
CODE
  Relative segment, address: 001175E8 - 00117647 (0x60 bytes), align: 2
  Segment part 0.
           ENTRY                   ADDRESS         REF BY
           =====                   =======         ======
           ?GetDenormalX           001175E8        Segment part 1 (?D_DivDouble)
                                                   Segment part 1 (?D_MulFloat)
           ?GetDenormalY           00117618        Segment part 1 (?D_DivDouble)
                                                   Segment part 1 (?D_MulFloat)

    -------------------------------------------------------------------------
  LIBRARY MODULE, NAME : ?doubleSoftLIb

  SEGMENTS IN THE MODULE
  ======================
CODE
  Relative segment, address: 00117648 - 0011765F (0x18 bytes), align: 2
  Segment part 1.
           ENTRY                   ADDRESS         REF BY
           =====                   =======         ======
           __aeabi_ui2d            00117648 
           __ulongToDouble         00117648        _LdtobDefault (?xprintffull)
                                                   __ulongToDouble::??rT (?xprintffull)
           __ulongToDouble::??rA   00117648 

    -------------------------------------------------------------------------
  LIBRARY MODULE, NAME : ?D_LONG2DOUBLE

  SEGMENTS IN THE MODULE
  ======================
CODE
  Relative segment, address: 00117660 - 001176BB (0x5c bytes), align: 2
  Segment part 1.
           ENTRY                   ADDRESS         REF BY
           =====                   =======         ======
           __aeabi_i2d             00117660 
           __longToDouble          00117660        _LdtobDefault (?xprintffull)
                                                   _Stold (?xstold)
                                                   __longToDouble::??rT (?xstold)
           __longToDouble::??rA    00117660 
           __longToDubleStart      0011767C        Segment part 1 (?doubleSoftLIb)

    -------------------------------------------------------------------------
  LIBRARY MODULE, NAME : ?D_DOUBLE2ULONG

  SEGMENTS IN THE MODULE
  ======================
CODE
  Relative segment, address: 001176BC - 001176F7 (0x3c bytes), align: 2
  Segment part 1.
           ENTRY                   ADDRESS         REF BY
           =====                   =======         ======
           __aeabi_d2uiz           001176BC 
           __doubleToUlong         001176BC        _LdtobDefault (?xprintffull)
                                                   __doubleToUlong::??rT (?xprintffull)
           __doubleToUlong::??rA   001176BC 

    -------------------------------------------------------------------------
  LIBRARY MODULE, NAME : ?D_DOUBLE2LONG

  SEGMENTS IN THE MODULE
  ======================
CODE
  Relative segment, address: 001176F8 - 00117757 (0x60 bytes), align: 2
  Segment part 1.
           ENTRY                   ADDRESS         REF BY
           =====                   =======         ======
           __aeabi_d2iz            001176F8 
           __doubleToLong          001176F8        _LdtobDefault (?xprintffull)
                                                   __doubleToLong::??rT (?xprintffull)
                                                   cUiUpdateStatus (c_ui)
           __doubleToLong::??rA    001176F8 

    -------------------------------------------------------------------------
  LIBRARY MODULE, NAME : ?D_DOUBLE2FLOAT

  SEGMENTS IN THE MODULE
  ======================
CODE
  Relative segment, address: 00117758 - 00117813 (0xbc bytes), align: 2
  Segment part 1.
           ENTRY                   ADDRESS         REF BY
           =====                   =======         ======
           __aeabi_d2f             00117758 
           __doubleToFloat         00117758        _GetfloatDefault (?xscanffull)
                                                   __doubleToFloat::??rT (?xscanffull)
           __doubleToFloat::??rA   00117758 

    -------------------------------------------------------------------------
  LIBRARY MODULE, NAME : ?FLOATEDOUBLE

  SEGMENTS IN THE MODULE
  ======================
CODE
  Relative segment, address: 00117814 - 00117877 (0x64 bytes), align: 2
  Segment part 1.
           ENTRY                   ADDRESS         REF BY
           =====                   =======         ======
           __aeabi_f2d             00117814 
           __floatToDouble         00117814        __floatToDouble::??rT (c_ui)
                                                   cUiPrintSensorInDisplayBuffer (c_ui)
                                                   cUiUpdateStatus (c_ui)
           __floatToDouble::??rA   00117814 

    -------------------------------------------------------------------------
  LIBRARY MODULE, NAME : ?DBL_EQ

  SEGMENTS IN THE MODULE
  ======================
CODE
  Relative segment, address: 00117878 - 001178AB (0x34 bytes), align: 2
  Segment part 0.
           ENTRY                   ADDRESS         REF BY
           =====                   =======         ======
           __aeabi_cdcmpeq         00117878        Segment part 1 (?D_CmpFloat)

    -------------------------------------------------------------------------
  LIBRARY MODULE, NAME : ?D_CmpFloat

  SEGMENTS IN THE MODULE
  ======================
CODE
  Relative segment, address: 001178AC - 001178C3 (0x18 bytes), align: 2
  Segment part 1.
           ENTRY                   ADDRESS         REF BY
           =====                   =======         ======
           __aeabi_dcmpeq          001178AC 
           __dEqual                001178AC        _Dtento (?xdtento)
                                                   __dEqual::??rT (?xdtento)
           __dEqual::??rA          001178AC 

    -------------------------------------------------------------------------
  LIBRARY MODULE, NAME : ?SetInvalidFlag

  SEGMENTS IN THE MODULE
  ======================
CODE
  Relative segment, address: 001178C4 - 001178DF (0x1c bytes), align: 2
  Segment part 0.
           ENTRY                   ADDRESS         REF BY
           =====                   =======         ======
           ?SetInvalidFlag         001178C8        __aeabi_cdcmple (?DBL_LT)
           ?SetInvalidFlagClr      001178C4        __aeabi_cdrcmple (?DBL_GE)

    -------------------------------------------------------------------------
  LIBRARY MODULE, NAME : ?DBL_GE

  SEGMENTS IN THE MODULE
  ======================
CODE
  Relative segment, address: 001178E0 - 0011791F (0x40 bytes), align: 2
  Segment part 0.
           ENTRY                   ADDRESS         REF BY
           =====                   =======         ======
           __aeabi_cdrcmple        001178E0        Segment part 1 (?D_CmpFloat5)

    -------------------------------------------------------------------------
  LIBRARY MODULE, NAME : ?D_CmpFloat5

  SEGMENTS IN THE MODULE
  ======================
CODE
  Relative segment, address: 00117920 - 00117937 (0x18 bytes), align: 2
  Segment part 1.
           ENTRY                   ADDRESS         REF BY
           =====                   =======         ======
           __aeabi_dcmpge          00117920 
           __dGreaterEqual         00117920        _LdtobDefault (?xprintffull)
                                                   __dGreaterEqual::??rT (?xprintffull)
           __dGreaterEqual::??rA   00117920 

    -------------------------------------------------------------------------
  LIBRARY MODULE, NAME : ?DBL_LT

  SEGMENTS IN THE MODULE
  ======================
CODE
  Relative segment, address: 00117938 - 00117977 (0x40 bytes), align: 2
  Segment part 0.
           ENTRY                   ADDRESS         REF BY
           =====                   =======         ======
           __aeabi_cdcmple         00117938        Segment part 1 (?D_CmpFloat4)

    -------------------------------------------------------------------------
  LIBRARY MODULE, NAME : ?D_CmpFloat4

  SEGMENTS IN THE MODULE
  ======================
CODE
  Relative segment, address: 00117978 - 0011798F (0x18 bytes), align: 2
  Segment part 1.
           ENTRY                   ADDRESS         REF BY
           =====                   =======         ======
           __dLess                 00117978        _LdtobDefault (?xprintffull)
                                                   __dLess::??rT (?xprintffull)
           __dLess::??rA           00117978 
           __aeabi_dcmplt          00117978 

    -------------------------------------------------------------------------
  LIBRARY MODULE, NAME : ?D_MulFloat

  SEGMENTS IN THE MODULE
  ======================
CODE
  Relative segment, address: 00117990 - 00117BC7 (0x238 bytes), align: 2
  Segment part 1.
           ENTRY                   ADDRESS         REF BY
           =====                   =======         ======
           __dMul                  00117990        _Dtento (?xdtento)
                                                   _LdtobDefault (?xprintffull)
                                                   _Stold (?xstold)
                                                   __dMul::??rT (?xstold)
                                                   cUiUpdateStatus (c_ui)
           __dMul::??rA            00117990 
           __aeabi_dmul            00117990 

    -------------------------------------------------------------------------
  LIBRARY MODULE, NAME : ?D_DivDouble

  SEGMENTS IN THE MODULE
  ======================
CODE
  Relative segment, address: 00117BC8 - 00117EFB (0x334 bytes), align: 2
  Segment part 1.
           ENTRY                   ADDRESS         REF BY
           =====                   =======         ======
           __aeabi_ddiv            00117BC8 
           __dDiv                  00117BC8        _Dtento (?xdtento)
                                                   _LdtobDefault (?xprintffull)
                                                   __dDiv::??rT (?xprintffull)
           __dDiv::??rA            00117BC8 

    -------------------------------------------------------------------------
  LIBRARY MODULE, NAME : ?D_SubDouble

  SEGMENTS IN THE MODULE
  ======================
CODE
  Relative segment, address: 00117EFC - 001180F3 (0x1f8 bytes), align: 2
  Segment part 1.
           ENTRY                   ADDRESS         REF BY
           =====                   =======         ======
           __aeabi_dsub            00117EFC 
           __dSub                  00117EFC        _LdtobDefault (?xprintffull)
                                                   __dSub::??rT (?xprintffull)
           __dSub::??rA            00117EFC 
           __DoSub                 00117F0C        Segment part 1 (?D_AddDouble)

    -------------------------------------------------------------------------
  LIBRARY MODULE, NAME : ?D_AddDouble

  SEGMENTS IN THE MODULE
  ======================
CODE
  Relative segment, address: 001180F4 - 00118237 (0x144 bytes), align: 2
  Segment part 1.
           ENTRY                   ADDRESS         REF BY
           =====                   =======         ======
           __aeabi_dadd            001180F4 
           __dAdd                  001180F4        _Stold (?xstold)
                                                   __dAdd::??rT (?xstold)
           __dAdd::??rA            001180F4 
           __DoAdd                 00118104        Segment part 1 (?D_SubDouble)

    -------------------------------------------------------------------------
  LIBRARY MODULE, NAME : ?F_ULONG2FLOAT

  SEGMENTS IN THE MODULE
  ======================
CODE
  Relative segment, address: 00118238 - 00118247 (0x10 bytes), align: 2
  Segment part 1.
           ENTRY                   ADDRESS         REF BY
           =====                   =======         ======
           __aeabi_ui2f            00118238 
           __ulongToFloat          00118238        __ulongToFloat::??rT (c_ui)
                                                   cUiUpdateStatus (c_ui)
           __ulongToFloat::??rA    00118238 

    -------------------------------------------------------------------------
  LIBRARY MODULE, NAME : ?F_LONG2FLOAT

  SEGMENTS IN THE MODULE
  ======================
CODE
  Relative segment, address: 00118248 - 001182AF (0x68 bytes), align: 2
  Segment part 1.
           ENTRY                   ADDRESS         REF BY
           =====                   =======         ======
           __aeabi_i2f             00118248 
           __longToFloat           00118248        __longToFloat::??rT (c_ui)
                                                   cUiPrintSensorInDisplayBuffer (c_ui)
           __longToFloat::??rA     00118248 
           __longToFloatStart      0011825C        Segment part 1 (?F_ULONG2FLOAT)

    -------------------------------------------------------------------------
  LIBRARY MODULE, NAME : ?F_DivFloat

  SEGMENTS IN THE MODULE
  ======================
CODE
  Relative segment, address: 001182B0 - 00118497 (0x1e8 bytes), align: 2
  Segment part 1.
           ENTRY                   ADDRESS         REF BY
           =====                   =======         ======
           __aeabi_fdiv            001182B0 
           __fDiv                  001182B0        __fDiv::??rT (c_ui)
                                                   cUiPrintSensorInDisplayBuffer (c_ui)
           __fDiv::??rA            001182B0 




                ****************************************
                *                                      *
                *      SEGMENTS IN ADDRESS ORDER       *
                *                                      *
                ****************************************


SEGMENT              SPACE    START ADDRESS   END ADDRESS     SIZE  TYPE  ALIGN
=======              =====    =============   ===========     ====  ====  =====
DATA_I                             00000100 - 000005DF         4E0   rel    2
DATA_Z                             000005E0 - 0000BD72        B793   rel    2
CODE_I                             0000BD74 - 0000C8E3         B70   rel    2
INTRAMEND_REMAP                         00010000                     rel    2
ICODE                              00100000 - 00100257         258   rel    2
CODE                               00100258 - 00118497       18240   rel    2
INITTAB                            00118498 - 001184BB          24   rel    2
DATA_ID                            001184BC - 0011899B         4E0   rel    2
DATA_C                             0011899C - 0011ECA3        6308   rel    2
CODE_ID                            0011ECA4 - 0011F813         B70   rel    2
INTRAMSTART                             00200000                     rel    2
INTRAMEND_BEFORE_REMAP
                                        00210000                     rel    2

                ****************************************
                *                                      *
                *        END OF CROSS REFERENCE        *
                *                                      *
                ****************************************

 99 480 bytes of CODE  memory
 51 171 bytes of DATA  memory
 29 564 bytes of CONST memory

Errors: none
Warnings: none

